
> taambetter@0.1.0 build
> next build

▲ Next.js 16.2.9 (Turbopack)
- Experiments (use with caution):
  · serverActions

  Creating an optimized production build ...
✓ Compiled successfully in 9.3s
  Running TypeScript ...
  Finished TypeScript in 7.2s ...
  Collecting page data using 7 workers ...
  Generating static pages using 7 workers (0/12) ...
  Generating static pages using 7 workers (3/12) 
  Generating static pages using 7 workers (6/12) 
  Generating static pages using 7 workers (9/12) 
✓ Generating static pages using 7 workers (12/12) in 1029ms
  Finalizing page optimization ...

Route (app)
┌ ○ /
├ ○ /_not-found
├ ○ /about
├ ƒ /api/contact
├ ƒ /api/content
├ ƒ /api/leads
├ ○ /robots.txt
├ ○ /sitemap.xml
├ ○ /work
└ ● /work/[id]
  └ /work/1


○  (Static)   prerendered as static content
●  (SSG)      prerendered as static HTML (uses generateStaticParams)
ƒ  (Dynamic)  server-rendered on demand

